// Jest Snapshot v1, https://goo.gl/fbAQLP

exports[`<MultipleCustomHooks /> tests should show correctly 1`] = `
<div>
  <h1>
    Breaking Bad Quotes
  </h1>
  <hr />
  <div
    className="alert alert-success text-center"
  >
    Loading...
  </div>
</div>
`;
