// Jest Snapshot v1, https://goo.gl/fbAQLP

exports[`tests on <RealExampleRef /> should show correctly 1`] = `
<div>
  <h1>
    Real Example Ref
  </h1>
  <hr />
  <button
    className="btn btn-primary mt-3"
    onClick={[Function]}
  >
    Show/Hide
  </button>
</div>
`;
