// Jest Snapshot v1, https://goo.gl/fbAQLP

exports[`Tests on <TodoAdd /> should show correctly 1`] = `
<Fragment>
  <h4>
    Agregar TODO
  </h4>
  <hr />
  <form
    onSubmit={[Function]}
  >
    <input
      autoComplete="off"
      className="form-control"
      name="description"
      onChange={[Function]}
      placeholder="Ingrese una tarea"
      type="text"
      value=""
    />
    <div
      className="d-grid gap-2"
    >
      <button
        className="btn btn-outline-primary mt-2 btn-block"
        type="submit"
      >
        Agregar
      </button>
    </div>
  </form>
</Fragment>
`;
